ASxxxx Linker V03.00/V05.40 + sdld,  page 1.
Hexadecimal  [32-Bits]

Area                                    Addr        Size        Decimal Bytes (Attributes)
--------------------------------        ----        ----        ------- ----- ------------
.  .ABS.                            00000000    00000000 =           0. bytes (ABS,CON)

      Value  Global                              Global Defined In Module
      -----  --------------------------------   ------------------------
     00000000  .__.ABS.                           
     00000000  _rRAMG                             
     00000000  l__BASE                         
     00000000  l__BSS                          
     00000000  l__CABS                         
     00000000  l__CODE_0                       
     00000000  l__CRASH_HEADER                 
     00000000  l__CRASH_SCRATCH                
     00000000  l__DABS                         
     00000000  l__HEADER                       
     00000000  l__HEADER_LCD                   
     00000000  l__HEADER_SIO                   
     00000000  l__HEADER_TIMER                 
     00000000  l__HEAP                         
     00000000  l__HEAP_END                     
     00000000  l__HRAM                         
     00000000  l__LIT                          
     00000000  s__CABS                         
     00000000  s__CRASH_HEADER                 
     00000000  s__CRASH_HEADER0                
     00000000  s__CRASH_HEADER1                
     00000000  s__CRASH_SCRATCH                
     00000000  s__CRASH_SCRATCH2               
     00000000  s__DABS                         
     00000000  s__HEADER                       
     00000000  s__HEADER0                      
     00000000  s__HEADER1                      
     00000000  s__HEADER10                     
     00000000  s__HEADER11                     
     00000000  s__HEADER2                      
     00000000  s__HEADER3                      
     00000000  s__HEADER4                      
     00000000  s__HEADER5                      
     00000000  s__HEADER6                      
     00000000  s__HEADER7                      
     00000000  s__HEADER8                      
     00000000  s__HEADER9                      
     00000000  s__HEADER_LCD                   
     00000000  s__HEADER_LCD0                  
     00000000  s__HEADER_SIO                   
     00000000  s__HEADER_SIO0                  
     00000000  s__HEADER_TIMER                 
     00000000  s__HEADER_TIMER0                
     00000000  s__HEADERa                      
     00000000  s__HEADERb                      
     00000000  s__HEADERc                      
     00000000  s__HEADERd                      
     00000000  s__HEADERe                      
     00000000  s__HEADERf                      
     00000000  s__HRAM                         
ASxxxx Linker V03.00/V05.40 + sdld,  page 2.
Hexadecimal  [32-Bits]

Area                                    Addr        Size        Decimal Bytes (Attributes)
--------------------------------        ----        ----        ------- ----- ------------
.  .ABS.                            00000000    00000000 =           0. bytes (ABS,CON)

      Value  Global                              Global Defined In Module
      -----  --------------------------------   ------------------------
     00000000  s__HRAM12                       
     00000001  ___bank_ACTOR                      actor
     00000001  ___bank_VM_SGB                     vm_sgb
     00000001  ___bank_scene_0_sprites            scene_0_sprites
     00000001  ___bank_script_input_0             script_input_0
     00000001  b_activate_actor                   actor
     00000001  b_activate_actors_in_col           actor
     00000001  b_activate_actors_in_row           actor
     00000001  b_actor_at_tile                    actor
     00000001  b_actor_get_frame_offset           actor
     00000001  b_actor_in_front_of_player         actor
     00000001  b_actor_overlapping_bb             actor
     00000001  b_actor_overlapping_player         actor
     00000001  b_actor_set_anim_idle              actor
     00000001  b_actor_set_anim_moving            actor
     00000001  b_actor_set_dir                    actor
     00000001  b_actor_set_frame_offset           actor
     00000001  b_actor_set_frames                 actor
     00000001  b_actors_handle_player_collision   actor
     00000001  b_actors_init                      actor
     00000001  b_change_hookshot_state            projectiles
     00000001  b_check_collision_in_direction     actor
     00000001  b_deactivate_actor                 actor
     00000001  b_handle_anchor                    projectiles
     00000001  b_handle_boomerang                 projectiles
     00000001  b_handle_bounce                    projectiles
     00000001  b_handle_custom                    projectiles
     00000001  b_handle_hookshot                  projectiles
     00000001  b_handle_orbit                     projectiles
     00000001  b_handle_sine                      projectiles
     00000001  b_handle_types                     projectiles
     00000001  b_player_init                      actor
     00000001  b_projectile_launch                projectiles
     00000001  b_projectiles_init                 projectiles
     00000001  b_scroll_init                      scroll
     00000001  b_scroll_repaint                   scroll
     00000001  b_scroll_reset                     scroll
     00000001  b_scroll_update                    scroll
     00000001  b_set_removal_script               projectiles
     00000001  b_ui_draw_frame                    ui
     00000001  b_ui_draw_text_buffer_char         ui
     00000001  b_ui_init                          ui
     00000001  b_ui_load_tiles                    ui
     00000001  b_ui_run_menu                      ui
     00000001  b_ui_run_modal                     ui
     00000001  b_ui_set_start_tile                ui
     00000001  b_update_phase                     projectiles
     00000001  l__GSFINAL                      
     00000001  l__HEADER0                      
     00000001  l__HEADER5                      
     00000001  l__HEADERa                      
ASxxxx Linker V03.00/V05.40 + sdld,  page 3.
Hexadecimal  [32-Bits]

Area                                    Addr        Size        Decimal Bytes (Attributes)
--------------------------------        ----        ----        ------- ----- ------------
.  .ABS.                            00000000    00000000 =           0. bytes (ABS,CON)

      Value  Global                              Global Defined In Module
      -----  --------------------------------   ------------------------
     00000001  l__HEADERb                      
     00000001  l__HEADERc                      
     00000001  l__HEADERe                      
     00000001  l__HEADERf                      
     00000002  ___bank_VM_ACTOR                   vm_actor
     00000002  ___bank_actor_1_update             actor_1_update
     00000002  ___bank_actor_34_update            actor_34_update
     00000002  ___bank_bg_scrolltest_tilemap_at   bg_scrolltest_tilemap_attr
     00000002  ___mute_mask_sound_hammered_sav_   sound_hammered_sav
     00000002  ___mute_mask_sound_hammered_sav_   sound_hammered_sav
     00000002  ___mute_mask_sound_hammered_sav_   sound_hammered_sav
     00000002  ___mute_mask_sound_hammered_sav_   sound_hammered_sav
     00000002  ___mute_mask_sound_hammered_sav_   sound_hammered_sav
     00000002  ___mute_mask_sound_hammered_sav_   sound_hammered_sav
     00000002  ___mute_mask_sound_hammered_sav_   sound_hammered_sav
     00000002  ___mute_mask_sound_hammered_sav_   sound_hammered_sav
     00000002  ___mute_mask_sound_hammered_sav_   sound_hammered_sav
     00000002  ___mute_mask_sound_hammered_sav_   sound_hammered_sav
     00000002  ___mute_mask_sound_hammerednew_s   sound_hammerednew_sav
     00000002  ___mute_mask_sound_hammerednew_s   sound_hammerednew_sav
     00000002  ___mute_mask_sound_hammerednew_s   sound_hammerednew_sav
     00000002  ___mute_mask_sound_hammerednew_s   sound_hammerednew_sav
     00000002  ___mute_mask_sound_hammerednew_s   sound_hammerednew_sav
     00000002  ___mute_mask_sound_hammerednew_s   sound_hammerednew_sav
     00000002  ___mute_mask_sound_hammerednew_s   sound_hammerednew_sav
     00000002  b_vm_actor_activate                vm_actor
     00000002  b_vm_actor_begin_update            vm_actor
     00000002  b_vm_actor_deactivate              vm_actor
     00000002  b_vm_actor_emote                   vm_actor
     00000002  b_vm_actor_get_angle               vm_actor
     00000002  b_vm_actor_get_anim_frame          vm_actor
     00000002  b_vm_actor_get_dir                 vm_actor
     00000002  b_vm_actor_get_pos                 vm_actor
     00000002  b_vm_actor_move_cancel             vm_actor
     00000002  b_vm_actor_move_to                 vm_actor
     00000002  b_vm_actor_replace_tile            vm_actor
     00000002  b_vm_actor_set_anim                vm_actor
     00000002  b_vm_actor_set_anim_frame          vm_actor
     00000002  b_vm_actor_set_anim_set            vm_actor
     00000002  b_vm_actor_set_anim_tick           vm_actor
     00000002  b_vm_actor_set_bounds              vm_actor
     00000002  b_vm_actor_set_dir                 vm_actor
     00000002  b_vm_actor_set_flags               vm_actor
     00000002  b_vm_actor_set_move_speed          vm_actor
     00000002  b_vm_actor_set_pos                 vm_actor
     00000002  b_vm_actor_set_spritesheet         vm_actor
     00000002  b_vm_actor_set_spritesheet_by_re   vm_actor
     00000002  b_vm_actor_terminate_update        vm_actor
     00000002  l__HEADER10                     
     00000002  l__HEADER6                      
     00000002  l__HEADERd                      
ASxxxx Linker V03.00/V05.40 + sdld,  page 4.
Hexadecimal  [32-Bits]

Area                                    Addr        Size        Decimal Bytes (Attributes)
--------------------------------        ----        ----        ------- ----- ------------
.  .ABS.                            00000000    00000000 =           0. bytes (ABS,CON)

      Value  Global                              Global Defined In Module
      -----  --------------------------------   ------------------------
     00000003  ___bank_scene_0_actors             scene_0_actors
     00000003  b_assign_state_script              platform
     00000003  b_basic_anim                       platform
     00000003  b_clear_state_script               platform
     00000003  b_dash_init_switch                 platform
     00000003  b_drop_press                       platform
     00000003  b_ladder_check                     platform
     00000003  b_ladder_switch                    platform
     00000003  b_platform_init                    platform
     00000003  b_platform_update                  platform
     00000003  b_wall_check                       platform
     00000003  l__HEADER9                      
     00000003  l__HEADER_LCD0                  
     00000003  l__HRAM12                       
     00000004  ___bank_VM_MAIN                    vm
     00000004  ___bank_bg_test_site_testb_tiles   bg_test_site_testb_tileset
     00000004  ___bank_bg_tutorial_t_1_tilemap    bg_tutorial_t_1_tilemap
     00000004  ___bank_bg_tutorial_t_1_tilemap_   bg_tutorial_t_1_tilemap_attr
     00000004  ___bank_bg_tutorial_t_4_tilemap_   bg_tutorial_t_4_tilemap_attr
     00000004  ___bank_font_gbs_mono              font_gbs_mono
     00000004  ___bank_scene_7_sprites            scene_7_sprites
     00000004  b_script_detach_hthread            vm
     00000004  b_script_execute                   vm
     00000004  b_script_runner_init               vm
     00000004  b_script_terminate                 vm
     00000004  b_vm_call                          vm
     00000004  b_vm_call_far                      vm
     00000004  b_vm_get_indirect                  vm
     00000004  b_vm_get_tlocal                    vm
     00000004  b_vm_idle                          vm
     00000004  b_vm_if                            vm
     00000004  b_vm_if_const                      vm
     00000004  b_vm_init_rng                      vm
     00000004  b_vm_invoke                        vm
     00000004  b_vm_join                          vm
     00000004  b_vm_jump                          vm
     00000004  b_vm_lock                          vm
     00000004  b_vm_loop                          vm
     00000004  b_vm_memcpy                        vm
     00000004  b_vm_memset                        vm
     00000004  b_vm_poll_loaded                   vm
     00000004  b_vm_pop                           vm
     00000004  b_vm_push                          vm
     00000004  b_vm_push_reference                vm
     00000004  b_vm_push_value                    vm
     00000004  b_vm_push_value_ind                vm
     00000004  b_vm_raise                         vm
     00000004  b_vm_rand                          vm
     00000004  b_vm_reserve                       vm
     00000004  b_vm_ret                           vm
     00000004  b_vm_ret_far                       vm
ASxxxx Linker V03.00/V05.40 + sdld,  page 5.
Hexadecimal  [32-Bits]

Area                                    Addr        Size        Decimal Bytes (Attributes)
--------------------------------        ----        ----        ------- ----- ------------
.  .ABS.                            00000000    00000000 =           0. bytes (ABS,CON)

      Value  Global                              Global Defined In Module
      -----  --------------------------------   ------------------------
     00000004  b_vm_set                           vm
     00000004  b_vm_set_const                     vm
     00000004  b_vm_set_indirect                  vm
     00000004  b_vm_terminate                     vm
     00000004  b_vm_test_terminate                vm
     00000004  b_vm_unlock                        vm
     00000004  b_wait_frames                      vm
     00000004  l__CRASH_HEADER1                
     00000004  l__HEADER_SIO0                  
     00000004  l__HEADER_TIMER0                
     00000005  ___bank_bg_tutorial_t_3_tilemap_   bg_tutorial_t_3_tilemap_attr
     00000005  ___bank_bg_tutorial_t_4_tilemap    bg_tutorial_t_4_tilemap
     00000005  ___bank_emote_question             emote_question
     00000005  ___bank_scene_18_collisions        scene_18_collisions
     00000005  ___bank_scene_1_collisions         scene_1_collisions
     00000005  ___bank_song_woot_game_boss_Data   song_woot_game_boss_Data
     00000005  ___bank_song_woot_thing_Data       song_woot_thing_Data
     00000005  l__CRASH_HEADER0                
     00000005  l__HEADER1                      
     00000006  ___bank_actor_1_interact           actor_1_interact
     00000006  ___bank_bg_tutorial_t_3_tilemap    bg_tutorial_t_3_tilemap
     00000006  ___bank_scene_14_init              scene_14_init
     00000006  ___bank_scene_5_collisions         scene_5_collisions
     00000006  ___bank_script_4                   script_4
     00000006  ___bank_sound_hammered_sav_00      sound_hammered_sav
     00000006  ___bank_sound_hammered_sav_01      sound_hammered_sav
     00000006  ___bank_sound_hammered_sav_02      sound_hammered_sav
     00000006  ___bank_sound_hammered_sav_03      sound_hammered_sav
     00000006  ___bank_sound_hammered_sav_04      sound_hammered_sav
     00000006  ___bank_sound_hammered_sav_05      sound_hammered_sav
     00000006  ___bank_sound_hammered_sav_06      sound_hammered_sav
     00000006  ___bank_sound_hammered_sav_07      sound_hammered_sav
     00000006  ___bank_sound_hammered_sav_08      sound_hammered_sav
     00000006  ___bank_sound_hammered_sav_09      sound_hammered_sav
     00000006  ___bank_sound_hammered_sav_10      sound_hammered_sav
     00000006  ___bank_sound_hammered_sav_11      sound_hammered_sav
     00000006  ___bank_sound_hammered_sav_12      sound_hammered_sav
     00000006  ___bank_sound_hammered_sav_13      sound_hammered_sav
     00000006  ___bank_sound_hammered_sav_14      sound_hammered_sav
     00000006  ___bank_sound_hammered_sav_15      sound_hammered_sav
     00000006  ___bank_sound_hammered_sav_16      sound_hammered_sav
     00000006  ___bank_sound_hammered_sav_17      sound_hammered_sav
     00000006  ___bank_sound_hammered_sav_18      sound_hammered_sav
     00000006  ___bank_sound_hammered_sav_19      sound_hammered_sav
     00000006  ___bank_sound_hammered_sav_20      sound_hammered_sav
     00000006  ___bank_sound_hammered_sav_21      sound_hammered_sav
     00000006  ___bank_sound_hammered_sav_22      sound_hammered_sav
     00000006  ___bank_sound_hammered_sav_23      sound_hammered_sav
     00000006  ___bank_sound_hammered_sav_24      sound_hammered_sav
     00000006  ___bank_sound_hammerednew_sav_00   sound_hammerednew_sav
     00000006  ___bank_sound_hammerednew_sav_01   sound_hammerednew_sav
ASxxxx Linker V03.00/V05.40 + sdld,  page 6.
Hexadecimal  [32-Bits]

Area                                    Addr        Size        Decimal Bytes (Attributes)
--------------------------------        ----        ----        ------- ----- ------------
.  .ABS.                            00000000    00000000 =           0. bytes (ABS,CON)

      Value  Global                              Global Defined In Module
      -----  --------------------------------   ------------------------
     00000006  ___bank_sound_hammerednew_sav_02   sound_hammerednew_sav
     00000006  ___bank_sound_hammerednew_sav_03   sound_hammerednew_sav
     00000006  ___bank_sound_hammerednew_sav_04   sound_hammerednew_sav
     00000006  ___bank_sound_hammerednew_sav_05   sound_hammerednew_sav
     00000006  ___bank_sound_hammerednew_sav_06   sound_hammerednew_sav
     00000006  ___bank_sound_hammerednew_sav_07   sound_hammerednew_sav
     00000006  ___bank_sound_hammerednew_sav_08   sound_hammerednew_sav
     00000006  ___bank_sound_hammerednew_sav_09   sound_hammerednew_sav
     00000006  ___bank_sound_hammerednew_sav_10   sound_hammerednew_sav
     00000006  ___bank_sound_hammerednew_sav_11   sound_hammerednew_sav
     00000006  ___bank_sound_hammerednew_sav_12   sound_hammerednew_sav
     00000006  ___bank_sound_hammerednew_sav_13   sound_hammerednew_sav
     00000006  ___bank_sound_hammerednew_sav_14   sound_hammerednew_sav
     00000006  ___bank_sound_hammerednew_sav_15   sound_hammerednew_sav
     00000006  ___bank_sound_hammerednew_sav_16   sound_hammerednew_sav
     00000006  ___bank_sound_hammerednew_sav_17   sound_hammerednew_sav
     00000006  ___bank_sound_hammerednew_sav_18   sound_hammerednew_sav
     00000006  ___bank_sound_hammerednew_sav_19   sound_hammerednew_sav
     00000006  ___bank_sound_hammerednew_sav_20   sound_hammerednew_sav
     00000006  ___bank_sound_hammerednew_sav_21   sound_hammerednew_sav
     00000006  b_do_load_palette                  fade_street_data_manager
     00000006  b_load_background                  fade_street_data_manager
     00000006  b_load_bkg_tileset                 fade_street_data_manager
     00000006  b_load_bounds                      fade_street_data_manager
     00000006  b_load_emote                       fade_street_data_manager
     00000006  b_load_init                        fade_street_data_manager
     00000006  b_load_player                      fade_street_data_manager
     00000006  b_load_scene                       fade_street_data_manager
     00000006  b_load_sprite                      fade_street_data_manager
     00000006  l__HEADER8                      
     00000007  ___bank_VM_UI                      vm_ui
     00000007  ___bank_bg_temptitle_tileset       bg_temptitle_tileset
     00000007  ___bank_scene_16_init              scene_16_init
     00000007  ___bank_scene_2_init               scene_2_init
     00000007  ___bank_script_11                  script_11
     00000007  ___bank_script_11_0                script_11_0
     00000007  ___bank_script_11_1                script_11_1
     00000007  ___bank_script_11_2                script_11_2
     00000007  ___bank_sprite_actor_bank2_tiles   sprite_actor_bank2_tileset
     00000007  b_vm_choice                        vm_ui
     00000007  b_vm_display_text                  vm_ui
     00000007  b_vm_overlay_clear                 vm_ui
     00000007  b_vm_overlay_move_to               vm_ui
     00000007  b_vm_overlay_scroll                vm_ui
     00000007  b_vm_overlay_set_map               vm_ui
     00000007  b_vm_overlay_set_scroll            vm_ui
     00000007  b_vm_overlay_set_submap            vm_ui
     00000007  b_vm_overlay_set_submap_ex         vm_ui
     00000007  b_vm_overlay_setpos                vm_ui
     00000007  b_vm_overlay_show                  vm_ui
     00000007  b_vm_overlay_wait                  vm_ui
ASxxxx Linker V03.00/V05.40 + sdld,  page 7.
Hexadecimal  [32-Bits]

Area                                    Addr        Size        Decimal Bytes (Attributes)
--------------------------------        ----        ----        ------- ----- ------------
.  .ABS.                            00000000    00000000 =           0. bytes (ABS,CON)

      Value  Global                              Global Defined In Module
      -----  --------------------------------   ------------------------
     00000007  b_vm_set_font                      vm_ui
     00000007  b_vm_set_text_sound                vm_ui
     00000007  b_vm_switch_text_layer             vm_ui
     00000007  l__HEADER2                      
     00000008  ___bank_actor_10_interact          actor_10_interact
     00000008  ___bank_actor_11_interact          actor_11_interact
     00000008  ___bank_actor_12_interact          actor_12_interact
     00000008  ___bank_actor_13_interact          actor_13_interact
     00000008  ___bank_actor_14_interact          actor_14_interact
     00000008  ___bank_actor_15_interact          actor_15_interact
     00000008  ___bank_actor_16_interact          actor_16_interact
     00000008  ___bank_bg_tutorial_t_4_tileset    bg_tutorial_t_4_tileset
     00000008  ___bank_scene_0_init               scene_0_init
     00000008  ___mute_mask_sound_hammered_sav_   sound_hammered_sav
     00000008  ___mute_mask_sound_hammered_sav_   sound_hammered_sav
     00000008  ___mute_mask_sound_hammered_sav_   sound_hammered_sav
     00000008  ___mute_mask_sound_hammered_sav_   sound_hammered_sav
     00000008  ___mute_mask_sound_hammerednew_s   sound_hammerednew_sav
     00000008  ___mute_mask_sound_hammerednew_s   sound_hammerednew_sav
     00000008  ___mute_mask_sound_hammerednew_s   sound_hammerednew_sav
     00000008  ___mute_mask_sound_hammerednew_s   sound_hammerednew_sav
     00000008  b_restore_sram                     flasher
     00000008  b_restore_sram_bank                flasher
     00000008  b_save_sram                        flasher
     00000008  l__HEADER3                      
     00000009  ___bank_actor_20_interact          actor_20_interact
     00000009  ___bank_actor_2_interact           actor_2_interact
     00000009  ___bank_actor_32_interact          actor_32_interact
     00000009  ___bank_actor_3_interact           actor_3_interact
     00000009  ___bank_actor_4_interact           actor_4_interact
     00000009  ___bank_actor_5_interact           actor_5_interact
     00000009  ___bank_bg_mines_2_1_tilemap_att   bg_mines_2_1_tilemap_attr
     00000009  ___bank_bg_tutorial_t_2_tilemap    bg_tutorial_t_2_tilemap
     00000009  ___bank_bg_tutorial_t_2_tilemap_   bg_tutorial_t_2_tilemap_attr
     00000009  ___bank_sprite_enemies_sprunguss   sprite_enemies_sprungusshoo_
     0000000A  ___bank_VM_GAMEBOY                 vm_gameboy
     0000000A  ___bank_bg_mines_2_1_tilemap       bg_mines_2_1_tilemap
     0000000A  ___bank_bg_placeholder_tileset     bg_placeholder_tileset
     0000000A  ___bank_bg_tutorial_t_2_tileset    bg_tutorial_t_2_tileset
     0000000A  ___bank_bg_tutorial_t_b_tilemap    bg_tutorial_t_b_tilemap
     0000000A  ___bank_bg_tutorial_t_b_tilemap_   bg_tutorial_t_b_tilemap_attr
     0000000A  ___bank_scene_13_collisions        scene_13_collisions
     0000000A  ___bank_scene_17_collisions        scene_17_collisions
     0000000A  ___bank_scene_1_init               scene_1_init
     0000000A  ___bank_scene_3_collisions         scene_3_collisions
     0000000A  ___bank_sprite_dotty_gbdotty       sprite_dotty_gbdotty
     0000000A  ___mute_mask_sound_hammered_sav_   sound_hammered_sav
     0000000A  ___mute_mask_sound_hammered_sav_   sound_hammered_sav
     0000000A  ___mute_mask_sound_hammered_sav_   sound_hammered_sav
     0000000A  ___mute_mask_sound_hammered_sav_   sound_hammered_sav
     0000000A  ___mute_mask_sound_hammered_sav_   sound_hammered_sav
ASxxxx Linker V03.00/V05.40 + sdld,  page 8.
Hexadecimal  [32-Bits]

Area                                    Addr        Size        Decimal Bytes (Attributes)
--------------------------------        ----        ----        ------- ----- ------------
.  .ABS.                            00000000    00000000 =           0. bytes (ABS,CON)

      Value  Global                              Global Defined In Module
      -----  --------------------------------   ------------------------
     0000000A  ___mute_mask_sound_hammered_sav_   sound_hammered_sav
     0000000A  ___mute_mask_sound_hammered_sav_   sound_hammered_sav
     0000000A  ___mute_mask_sound_hammered_sav_   sound_hammered_sav
     0000000A  ___mute_mask_sound_hammered_sav_   sound_hammered_sav
     0000000A  ___mute_mask_sound_hammered_sav_   sound_hammered_sav
     0000000A  ___mute_mask_sound_hammered_sav_   sound_hammered_sav
     0000000A  ___mute_mask_sound_hammerednew_s   sound_hammerednew_sav
     0000000A  ___mute_mask_sound_hammerednew_s   sound_hammerednew_sav
     0000000A  ___mute_mask_sound_hammerednew_s   sound_hammerednew_sav
     0000000A  ___mute_mask_sound_hammerednew_s   sound_hammerednew_sav
     0000000A  ___mute_mask_sound_hammerednew_s   sound_hammerednew_sav
     0000000A  ___mute_mask_sound_hammerednew_s   sound_hammerednew_sav
     0000000A  ___mute_mask_sound_hammerednew_s   sound_hammerednew_sav
     0000000A  ___mute_mask_sound_hammerednew_s   sound_hammerednew_sav
     0000000A  ___mute_mask_sound_hammerednew_s   sound_hammerednew_sav
     0000000A  ___mute_mask_sound_hammerednew_s   sound_hammerednew_sav
     0000000A  ___mute_mask_sound_hammerednew_s   sound_hammerednew_sav
     0000000A  b_core_reset                       core
     0000000A  b_core_run                         core
     0000000A  b_vm_context_prepare               vm_gameboy
     0000000A  b_vm_fade                          vm_gameboy
     0000000A  b_vm_get_tile_xy                   vm_gameboy
     0000000A  b_vm_input_attach                  vm_gameboy
     0000000A  b_vm_input_detach                  vm_gameboy
     0000000A  b_vm_input_get                     vm_gameboy
     0000000A  b_vm_input_wait                    vm_gameboy
     0000000A  b_vm_load_tileset                  vm_gameboy
     0000000A  b_vm_poll                          vm_gameboy
     0000000A  b_vm_replace_tile                  vm_gameboy
     0000000A  b_vm_replace_tile_xy               vm_gameboy
     0000000A  b_vm_rumble                        vm_gameboy
     0000000A  b_vm_set_sprite_mode               vm_gameboy
     0000000A  b_vm_set_sprites_visible           vm_gameboy
     0000000A  b_vm_timer_prepare                 vm_gameboy
     0000000A  b_vm_timer_reset                   vm_gameboy
     0000000A  b_vm_timer_set                     vm_gameboy
     0000000A  b_vm_timer_stop                    vm_gameboy
     0000000B  ___bank_VM_CAMERA                  vm_camera
     0000000B  ___bank_bg_mines_2_1_tileset       bg_mines_2_1_tileset
     0000000B  ___bank_bg_scrolltest_tilemap      bg_scrolltest_tilemap
     0000000B  ___bank_bg_temptitle_cgb_tileset   bg_temptitle_cgb_tileset
     0000000B  ___bank_bg_test_site_testa_tilem   bg_test_site_testa_tilemap
     0000000B  ___bank_bg_test_site_testa_tilem   bg_test_site_testa_tilemap_a
     0000000B  ___bank_bg_test_site_testb_tilem   bg_test_site_testb_tilemap
     0000000B  ___bank_bg_test_site_testb_tilem   bg_test_site_testb_tilemap_a
     0000000B  ___bank_bg_tutorial_t_1_tileset    bg_tutorial_t_1_tileset
     0000000B  ___bank_bg_tutorial_t_3_tileset    bg_tutorial_t_3_tileset
     0000000B  ___bank_scene_10_collisions        scene_10_collisions
     0000000B  ___bank_scene_15_collisions        scene_15_collisions
     0000000B  ___bank_scene_6_sprites            scene_6_sprites
     0000000B  ___bank_scene_9_collisions         scene_9_collisions
ASxxxx Linker V03.00/V05.40 + sdld,  page 9.
Hexadecimal  [32-Bits]

Area                                    Addr        Size        Decimal Bytes (Attributes)
--------------------------------        ----        ----        ------- ----- ------------
.  .ABS.                            00000000    00000000 =           0. bytes (ABS,CON)

      Value  Global                              Global Defined In Module
      -----  --------------------------------   ------------------------
     0000000B  ___bank_script_input_41            script_input_41
     0000000B  b_camera_shake_frames              vm_camera
     0000000B  b_data_clear                       load_save
     0000000B  b_data_init                        load_save
     0000000B  b_data_load                        load_save
     0000000B  b_data_peek                        load_save
     0000000B  b_data_save                        load_save
     0000000B  b_trigger_activate_at              trigger
     0000000B  b_trigger_activate_at_intersecti   trigger
     0000000B  b_trigger_at_intersection          trigger
     0000000B  b_trigger_at_tile                  trigger
     0000000B  b_trigger_interact                 trigger
     0000000B  b_trigger_reset                    trigger
     0000000B  b_vm_camera_move_to                vm_camera
     0000000B  b_vm_camera_set_pos                vm_camera
     0000000C  ___bank_VM_SIO                     vm_sio
     0000000C  ___bank_bg_test_site_testa_tiles   bg_test_site_testa_tileset
     0000000C  ___bank_bg_tutorial_t_5_tileset    bg_tutorial_t_5_tileset
     0000000C  ___bank_scene_5_actors             scene_5_actors
     0000000C  ___bank_scene_5_init               scene_5_init
     0000000C  ___bank_script_12                  script_12
     0000000C  ___bank_script_12_0                script_12_0
     0000000C  ___bank_script_12_1                script_12_1
     0000000C  ___bank_script_12_2                script_12_2
     0000000C  ___bank_script_12_4                script_12_4
     0000000C  ___bank_script_13                  script_13
     0000000C  ___bank_script_13_0                script_13_0
     0000000C  ___bank_script_13_1                script_13_1
     0000000C  ___bank_script_13_3                script_13_3
     0000000C  ___bank_script_input_1             script_input_1
     0000000C  ___bank_sprite_enemies_bigsprung   sprite_enemies_bigsprungus
     0000000C  b___HandleCrash_banked             
     0000000C  b_atan2                            math_atan2
     0000000C  b_gbprinter_detect                 gbprinter
     0000000C  b_gbprinter_print_overlay          gbprinter
     0000000C  b_pointnclick_init                 pointnclick
     0000000C  b_pointnclick_update               pointnclick
     0000000C  b_vm_sio_exchange                  vm_sio
     0000000C  b_vm_sio_set_mode                  vm_sio
     0000000D  ___bank_actor_17_interact          actor_17_interact
     0000000D  ___bank_actor_18_interact          actor_18_interact
     0000000D  ___bank_actor_2_update             actor_2_update
     0000000D  ___bank_actor_3_update             actor_3_update
     0000000D  ___bank_actor_4_update             actor_4_update
     0000000D  ___bank_actor_5_update             actor_5_update
     0000000D  ___bank_actor_72_interact          actor_72_interact
     0000000D  ___bank_bg_level_1_t_boss_tilema   bg_level_1_t_boss_tilemap
     0000000D  ___bank_bg_level_1_t_boss_tilema   bg_level_1_t_boss_tilemap_at
     0000000D  ___bank_bg_scrolltest_tileset      bg_scrolltest_tileset
     0000000D  ___bank_bg_tutorial_t_a_tileset    bg_tutorial_t_a_tileset
     0000000D  ___bank_bg_tutorial_t_b_tileset    bg_tutorial_t_b_tileset
ASxxxx Linker V03.00/V05.40 + sdld,  page 10.
Hexadecimal  [32-Bits]

Area                                    Addr        Size        Decimal Bytes (Attributes)
--------------------------------        ----        ----        ------- ----- ------------
.  .ABS.                            00000000    00000000 =           0. bytes (ABS,CON)

      Value  Global                              Global Defined In Module
      -----  --------------------------------   ------------------------
     0000000D  ___bank_scene_12_p_hit1            scene_12_p_hit1
     0000000D  ___bank_scene_13_p_hit1            scene_13_p_hit1
     0000000D  ___bank_scene_16_collisions        scene_16_collisions
     0000000D  ___bank_scene_17_p_hit1            scene_17_p_hit1
     0000000D  ___bank_scene_18_init              scene_18_init
     0000000D  ___bank_scene_2_collisions         scene_2_collisions
     0000000D  ___bank_scene_3_init               scene_3_init
     0000000D  ___bank_scene_8_actors             scene_8_actors
     0000000D  ___bank_scene_9_p_hit1             scene_9_p_hit1
     0000000D  ___bank_script_engine_init         
     0000000D  ___bank_sprite_dotty_gbdotty_ban   sprite_dotty_gbdotty_bank2_t
     0000000D  ___bank_sprite_dotty_gbdotty_til   sprite_dotty_gbdotty_tileset
     0000000D  ___bank_sprite_hud_bossmeterbar    sprite_hud_bossmeterbar
     0000000D  b_fs_copy_pals                     fade_street_interrupts
     0000000D  b_remove_LCD_ISRs                  fade_street_interrupts
     0000000D  b_set_all_palettes                 fade_street
     0000000D  b_set_single_bkg_colour            fade_street
     0000000D  b_set_single_sprite_colour         fade_street
     0000000E  ___bank_actor_28_interact          actor_28_interact
     0000000E  ___bank_actor_31_interact          actor_31_interact
     0000000E  ___bank_actor_44_interact          actor_44_interact
     0000000E  ___bank_actor_45_interact          actor_45_interact
     0000000E  ___bank_actor_54_interact          actor_54_interact
     0000000E  ___bank_actor_58_interact          actor_58_interact
     0000000E  ___bank_actor_61_interact          actor_61_interact
     0000000E  ___bank_actor_62_interact          actor_62_interact
     0000000E  ___bank_actor_71_interact          actor_71_interact
     0000000E  ___bank_actor_82_interact          actor_82_interact
     0000000E  ___bank_bg_deathscreen_tilemap     bg_deathscreen_tilemap
     0000000E  ___bank_bg_deathscreen_tilemap_a   bg_deathscreen_tilemap_attr
     0000000E  ___bank_bg_placeholder_tilemap     bg_placeholder_tilemap
     0000000E  ___bank_bg_placeholder_tilemap_a   bg_placeholder_tilemap_attr
     0000000E  ___bank_bg_temptitle_tilemap_att   bg_temptitle_tilemap_attr
     0000000E  ___bank_scene_0_p_hit1             scene_0_p_hit1
     0000000E  ___bank_scene_10_actors            scene_10_actors
     0000000E  ___bank_scene_10_p_hit1            scene_10_p_hit1
     0000000E  ___bank_scene_15_p_hit1            scene_15_p_hit1
     0000000E  ___bank_scene_16_actors            scene_16_actors
     0000000E  ___bank_scene_16_p_hit1            scene_16_p_hit1
     0000000E  ___bank_scene_17_init              scene_17_init
     0000000E  ___bank_scene_18_actors            scene_18_actors
     0000000E  ___bank_scene_18_p_hit1            scene_18_p_hit1
     0000000E  ___bank_scene_1_actors             scene_1_actors
     0000000E  ___bank_scene_1_p_hit1             scene_1_p_hit1
     0000000E  ___bank_scene_2_actors             scene_2_actors
     0000000E  ___bank_scene_2_p_hit1             scene_2_p_hit1
     0000000E  ___bank_scene_3_actors             scene_3_actors
     0000000E  ___bank_scene_3_p_hit1             scene_3_p_hit1
     0000000E  ___bank_scene_5_p_hit1             scene_5_p_hit1
     0000000E  ___bank_scene_6_p_hit1             scene_6_p_hit1
     0000000E  ___bank_scene_8_p_hit1             scene_8_p_hit1
ASxxxx Linker V03.00/V05.40 + sdld,  page 11.
Hexadecimal  [32-Bits]

Area                                    Addr        Size        Decimal Bytes (Attributes)
--------------------------------        ----        ----        ------- ----- ------------
.  .ABS.                            00000000    00000000 =           0. bytes (ABS,CON)

      Value  Global                              Global Defined In Module
      -----  --------------------------------   ------------------------
     0000000E  ___bank_scene_9_init               scene_9_init
     0000000E  ___bank_sprite_enemies_bigthorn    sprite_enemies_bigthorn
     0000000E  ___bank_sprite_hud_warning         sprite_hud_warning
     0000000E  b_set_sgb_border                   sgb_border
     0000000F  ___bank_VM_MATH                    vm_math
     0000000F  ___bank_VM_MUSIC                   vm_music
     0000000F  ___bank_VM_PALETTE                 fade_street_vm_palette
     0000000F  ___bank_VM_RTC                     vm_rtc
     0000000F  ___bank_actor_0_update             actor_0_update
     0000000F  ___bank_actor_19_update            actor_19_update
     0000000F  ___bank_actor_27_update            actor_27_update
     0000000F  ___bank_actor_30_update            actor_30_update
     0000000F  ___bank_actor_34_interact          actor_34_interact
     0000000F  ___bank_actor_46_update            actor_46_update
     0000000F  ___bank_actor_47_update            actor_47_update
     0000000F  ___bank_actor_48_update            actor_48_update
     0000000F  ___bank_actor_49_update            actor_49_update
     0000000F  ___bank_actor_57_update            actor_57_update
     0000000F  ___bank_actor_67_update            actor_67_update
     0000000F  ___bank_actor_68_interact          actor_68_interact
     0000000F  ___bank_actor_69_update            actor_69_update
     0000000F  ___bank_actor_70_interact          actor_70_interact
     0000000F  ___bank_actor_73_interact          actor_73_interact
     0000000F  ___bank_actor_80_update            actor_80_update
     0000000F  ___bank_actor_81_update            actor_81_update
     0000000F  ___bank_actor_84_update            actor_84_update
     0000000F  ___bank_actor_9_update             actor_9_update
     0000000F  ___bank_bg_temptitle_tilemap       bg_temptitle_tilemap
     0000000F  ___bank_bg_tutorial_t_5_tilemap    bg_tutorial_t_5_tilemap
     0000000F  ___bank_bg_tutorial_t_5_tilemap_   bg_tutorial_t_5_tilemap_attr
     0000000F  ___bank_bg_tutorial_t_a_tilemap    bg_tutorial_t_a_tilemap
     0000000F  ___bank_bg_tutorial_t_a_tilemap_   bg_tutorial_t_a_tilemap_attr
     0000000F  ___bank_scene_0_collisions         scene_0_collisions
     0000000F  ___bank_scene_10_init              scene_10_init
     0000000F  ___bank_scene_12_collisions        scene_12_collisions
     0000000F  ___bank_scene_12_init              scene_12_init
     0000000F  ___bank_scene_13_actors            scene_13_actors
     0000000F  ___bank_scene_13_init              scene_13_init
     0000000F  ___bank_scene_14_collisions        scene_14_collisions
     0000000F  ___bank_scene_15_init              scene_15_init
     0000000F  ___bank_scene_6_collisions         scene_6_collisions
     0000000F  ___bank_scene_6_init               scene_6_init
     0000000F  ___bank_scene_7_collisions         scene_7_collisions
     0000000F  ___bank_scene_8_collisions         scene_8_collisions
     0000000F  ___bank_scene_8_init               scene_8_init
     0000000F  ___bank_script_input_2             script_input_2
     0000000F  ___bank_sprite_enemies_bigsprung   sprite_enemies_bigsprungus_b
     0000000F  ___bank_sprite_enemies_sprunguss   sprite_enemies_sprungusshoo
     0000000F  ___bank_sprite_hud_dottybar        sprite_hud_dottybar
     0000000F  ___bank_test_symbol6               test_symbol6
     0000000F  ___bank_trigger_0_interact         trigger_0_interact
ASxxxx Linker V03.00/V05.40 + sdld,  page 12.
Hexadecimal  [32-Bits]

Area                                    Addr        Size        Decimal Bytes (Attributes)
--------------------------------        ----        ----        ------- ----- ------------
.  .ABS.                            00000000    00000000 =           0. bytes (ABS,CON)

      Value  Global                              Global Defined In Module
      -----  --------------------------------   ------------------------
     0000000F  ___bank_trigger_13_interact        trigger_13_interact
     0000000F  ___bank_trigger_36_interact        trigger_36_interact
     0000000F  ___bank_trigger_6_interact         trigger_6_interact
     0000000F  ___bank_trigger_7_interact         trigger_7_interact
     0000000F  ___bank_trigger_8_interact         trigger_8_interact
     0000000F  ___bank_trigger_9_interact         trigger_9_interact
     0000000F  b_erase_flash                      
     0000000F  b_music_events_poll                fade_street_music_manager
     0000000F  b_music_init_driver                fade_street_music_manager
     0000000F  b_music_init_events                fade_street_music_manager
     0000000F  b_save_sram_banks                  
     0000000F  b_vm_cos_scale                     vm_math
     0000000F  b_vm_load_palette                  fade_street_vm_palette
     0000000F  b_vm_music_mute                    vm_music
     0000000F  b_vm_music_play                    vm_music
     0000000F  b_vm_music_routine                 vm_music
     0000000F  b_vm_music_setpos                  vm_music
     0000000F  b_vm_music_stop                    vm_music
     0000000F  b_vm_rtc_get                       vm_rtc
     0000000F  b_vm_rtc_latch                     vm_rtc
     0000000F  b_vm_rtc_set                       vm_rtc
     0000000F  b_vm_rtc_start                     vm_rtc
     0000000F  b_vm_sfx_play                      vm_music
     0000000F  b_vm_sin_scale                     vm_math
     0000000F  b_vm_sound_mastervol               vm_music
     00000010  ___bank_VM_GBPRINTER               vm_gbprinter
     00000010  ___bank_VM_LOAD_SAVE               vm_load_save
     00000010  ___bank_VM_PROJECTILE              vm_projectiles
     00000010  ___bank_VM_SCENE                   vm_scene
     00000010  ___bank_actor_10_update            actor_10_update
     00000010  ___bank_actor_11_update            actor_11_update
     00000010  ___bank_actor_12_update            actor_12_update
     00000010  ___bank_actor_13_update            actor_13_update
     00000010  ___bank_actor_14_update            actor_14_update
     00000010  ___bank_actor_15_update            actor_15_update
     00000010  ___bank_actor_16_update            actor_16_update
     00000010  ___bank_actor_20_update            actor_20_update
     00000010  ___bank_actor_21_interact          actor_21_interact
     00000010  ___bank_actor_21_update            actor_21_update
     00000010  ___bank_actor_22_interact          actor_22_interact
     00000010  ___bank_actor_22_update            actor_22_update
     00000010  ___bank_actor_23_interact          actor_23_interact
     00000010  ___bank_actor_23_update            actor_23_update
     00000010  ___bank_actor_24_interact          actor_24_interact
     00000010  ___bank_actor_24_update            actor_24_update
     00000010  ___bank_actor_25_interact          actor_25_interact
     00000010  ___bank_actor_25_update            actor_25_update
     00000010  ___bank_actor_26_interact          actor_26_interact
     00000010  ___bank_actor_26_update            actor_26_update
     00000010  ___bank_actor_29_interact          actor_29_interact
     00000010  ___bank_actor_29_update            actor_29_update
ASxxxx Linker V03.00/V05.40 + sdld,  page 13.
Hexadecimal  [32-Bits]

Area                                    Addr        Size        Decimal Bytes (Attributes)
--------------------------------        ----        ----        ------- ----- ------------
.  .ABS.                            00000000    00000000 =           0. bytes (ABS,CON)

      Value  Global                              Global Defined In Module
      -----  --------------------------------   ------------------------
     00000010  ___bank_actor_32_update            actor_32_update
     00000010  ___bank_actor_35_update            actor_35_update
     00000010  ___bank_actor_38_interact          actor_38_interact
     00000010  ___bank_actor_38_update            actor_38_update
     00000010  ___bank_actor_39_interact          actor_39_interact
     00000010  ___bank_actor_39_update            actor_39_update
     00000010  ___bank_actor_41_update            actor_41_update
     00000010  ___bank_actor_42_update            actor_42_update
     00000010  ___bank_actor_43_update            actor_43_update
     00000010  ___bank_actor_50_update            actor_50_update
     00000010  ___bank_actor_51_update            actor_51_update
     00000010  ___bank_actor_56_update            actor_56_update
     00000010  ___bank_actor_60_update            actor_60_update
     00000010  ___bank_actor_83_update            actor_83_update
     00000010  ___bank_actor_85_interact          actor_85_interact
     00000010  ___bank_actor_85_update            actor_85_update
     00000010  ___bank_actor_86_update            actor_86_update
     00000010  ___bank_actor_87_interact          actor_87_interact
     00000010  ___bank_actor_87_update            actor_87_update
     00000010  ___bank_actor_88_interact          actor_88_interact
     00000010  ___bank_actor_88_update            actor_88_update
     00000010  ___bank_actor_89_interact          actor_89_interact
     00000010  ___bank_actor_89_update            actor_89_update
     00000010  ___bank_actor_90_interact          actor_90_interact
     00000010  ___bank_actor_90_update            actor_90_update
     00000010  ___bank_actor_91_interact          actor_91_interact
     00000010  ___bank_actor_91_update            actor_91_update
     00000010  ___bank_actor_92_interact          actor_92_interact
     00000010  ___bank_actor_92_update            actor_92_update
     00000010  ___bank_avatar_font_0              avatar_font_0
     00000010  ___bank_bg_deathscreen_tileset     bg_deathscreen_tileset
     00000010  ___bank_bg_level_1_t_boss_tilese   bg_level_1_t_boss_tileset
     00000010  ___bank_frame_image                frame_image
     00000010  ___bank_scene_12_actors            scene_12_actors
     00000010  ___bank_scene_15_actors            scene_15_actors
     00000010  ___bank_scene_16_projectiles       scene_16_projectiles
     00000010  ___bank_scene_17_actors            scene_17_actors
     00000010  ___bank_scene_1_projectiles        scene_1_projectiles
     00000010  ___bank_scene_2_projectiles        scene_2_projectiles
     00000010  ___bank_scene_3_projectiles        scene_3_projectiles
     00000010  ___bank_scene_5_projectiles        scene_5_projectiles
     00000010  ___bank_scene_6_actors             scene_6_actors
     00000010  ___bank_scene_7_init               scene_7_init
     00000010  ___bank_scene_9_actors             scene_9_actors
     00000010  ___bank_script_10                  script_10
     00000010  ___bank_script_input_4             script_input_4
     00000010  ___bank_sprite_actor_animated      sprite_actor_animated
     00000010  ___bank_sprite_actor_animated_ba   sprite_actor_animated_bank2_
     00000010  ___bank_sprite_actor_animated_ti   sprite_actor_animated_tilese
     00000010  ___bank_sprite_enemies_bigsprung   sprite_enemies_bigsprungus_t
     00000010  ___bank_sprite_enemies_bigthorn_   sprite_enemies_bigthorn_bank
ASxxxx Linker V03.00/V05.40 + sdld,  page 14.
Hexadecimal  [32-Bits]

Area                                    Addr        Size        Decimal Bytes (Attributes)
--------------------------------        ----        ----        ------- ----- ------------
.  .ABS.                            00000000    00000000 =           0. bytes (ABS,CON)

      Value  Global                              Global Defined In Module
      -----  --------------------------------   ------------------------
     00000010  ___bank_sprite_enemies_bigthorn_   sprite_enemies_bigthorn_tile
     00000010  ___bank_sprite_enemies_enemypoof   sprite_enemies_enemypoof
     00000010  ___bank_sprite_enemies_springshr   sprite_enemies_springshroom
     00000010  ___bank_sprite_enemies_sprunguss   sprite_enemies_sprungusshoo_
     00000010  ___bank_sprite_ex                  sprite_ex
     00000010  ___bank_sprite_gimmicks_dottyblo   sprite_gimmicks_dottyblock
     00000010  ___bank_sprite_gimmicks_dottyblo   sprite_gimmicks_dottyblock_t
     00000010  ___bank_sprite_gimmicks_eyeblock   sprite_gimmicks_eyeblock
     00000010  ___bank_sprite_hud_bossmeterbar_   sprite_hud_bossmeterbar_tile
     00000010  ___bank_sprite_hud_warning_bank2   sprite_hud_warning_bank2_til
     00000010  ___bank_sprite_hud_warning_tiles   sprite_hud_warning_tileset
     00000010  ___bank_sprite_items_dottycoin     sprite_items_dottycoin
     00000010  ___bank_sprite_items_dottycoin_b   sprite_items_dottycoin_bank2
     00000010  ___bank_sprite_items_dottycoin_t   sprite_items_dottycoin_tiles
     00000010  ___bank_sprite_lego_bank2_tilese   sprite_lego_bank2_tileset
     00000010  ___bank_sprite_lego_tileset        sprite_lego_tileset
     00000010  ___bank_sprite_other_livecount     sprite_other_livecount
     00000010  ___bank_sprite_other_livecount_b   sprite_other_livecount_bank2
     00000010  ___bank_sprite_other_livecount_t   sprite_other_livecount_tiles
     00000010  ___bank_test_symbol1               test_symbol1
     00000010  ___bank_test_symbol3_0             test_symbol3_0
     00000010  ___bank_test_symbol5               test_symbol5
     00000010  ___bank_tileset_default_frame      tileset_default_frame
     00000010  ___bank_trigger_11_interact        trigger_11_interact
     00000010  ___bank_trigger_12_interact        trigger_12_interact
     00000010  ___bank_trigger_18_interact        trigger_18_interact
     00000010  ___bank_trigger_19_interact        trigger_19_interact
     00000010  ___bank_trigger_20_interact        trigger_20_interact
     00000010  ___bank_trigger_5_interact         trigger_5_interact
     00000010  b_CGBZeroPalette                   palette
     00000010  b_events_init                      events
     00000010  b_fade_applypalettechange          fade_street_fade_manager
     00000010  b_fade_in                          fade_street_fade_manager
     00000010  b_fade_in_modal                    fade_street_fade_manager
     00000010  b_fade_init                        fade_street_fade_manager
     00000010  b_fade_out                         fade_street_fade_manager
     00000010  b_fade_out_modal                   fade_street_fade_manager
     00000010  b_fade_setspeed                    fade_street_fade_manager
     00000010  b_fade_update                      fade_street_fade_manager
     00000010  b_itoa_fmt                         vm_ui_a
     00000010  b_palette_init                     palette
     00000010  b_timers_init                      events
     00000010  b_vm_print_detect                  vm_gbprinter
     00000010  b_vm_print_overlay                 vm_gbprinter
     00000010  b_vm_projectile_launch             vm_projectiles
     00000010  b_vm_projectile_load_type          vm_projectiles
     00000010  b_vm_save_clear                    vm_load_save
     00000010  b_vm_save_peek                     vm_load_save
     00000010  b_vm_scene_pop                     vm_scene
     00000010  b_vm_scene_pop_all                 vm_scene
     00000010  b_vm_scene_push                    vm_scene
ASxxxx Linker V03.00/V05.40 + sdld,  page 15.
Hexadecimal  [32-Bits]

Area                                    Addr        Size        Decimal Bytes (Attributes)
--------------------------------        ----        ----        ------- ----- ------------
.  .ABS.                            00000000    00000000 =           0. bytes (ABS,CON)

      Value  Global                              Global Defined In Module
      -----  --------------------------------   ------------------------
     00000010  b_vm_scene_stack_reset             vm_scene
     00000011  ___bank_actor_37_update            actor_37_update
     00000011  ___bank_actor_75_update            actor_75_update
     00000011  ___bank_actor_76_update            actor_76_update
     00000011  ___bank_actor_79_update            actor_79_update
     00000011  ___bank_actor_7_update             actor_7_update
     00000011  ___bank_actor_8_update             actor_8_update
     00000011  ___bank_bg_deathscreen             bg_deathscreen
     00000011  ___bank_bg_level_1_t_boss          bg_level_1_t_boss
     00000011  ___bank_bg_mines_2_1               bg_mines_2_1
     00000011  ___bank_bg_placeholder             bg_placeholder
     00000011  ___bank_bg_scrolltest              bg_scrolltest
     00000011  ___bank_bg_temptitle               bg_temptitle
     00000011  ___bank_bg_test_site_testa         bg_test_site_testa
     00000011  ___bank_bg_test_site_testb         bg_test_site_testb
     00000011  ___bank_bg_tutorial_t_1            bg_tutorial_t_1
     00000011  ___bank_bg_tutorial_t_2            bg_tutorial_t_2
     00000011  ___bank_bg_tutorial_t_3            bg_tutorial_t_3
     00000011  ___bank_bg_tutorial_t_4            bg_tutorial_t_4
     00000011  ___bank_bg_tutorial_t_5            bg_tutorial_t_5
     00000011  ___bank_bg_tutorial_t_a            bg_tutorial_t_a
     00000011  ___bank_bg_tutorial_t_b            bg_tutorial_t_b
     00000011  ___bank_bootstrap_script           
     00000011  ___bank_cursor_image               cursor_image
     00000011  ___bank_palette_0                  palette_0
     00000011  ___bank_palette_1                  palette_1
     00000011  ___bank_palette_10                 palette_10
     00000011  ___bank_palette_11                 palette_11
     00000011  ___bank_palette_12                 palette_12
     00000011  ___bank_palette_13                 palette_13
     00000011  ___bank_palette_2                  palette_2
     00000011  ___bank_palette_3                  palette_3
     00000011  ___bank_palette_4                  palette_4
     00000011  ___bank_palette_5                  palette_5
     00000011  ___bank_palette_6                  palette_6
     00000011  ___bank_palette_7                  palette_7
     00000011  ___bank_palette_8                  palette_8
     00000011  ___bank_palette_9                  palette_9
     00000011  ___bank_scene_0                    scene_0
     00000011  ___bank_scene_0_projectiles        scene_0_projectiles
     00000011  ___bank_scene_1                    scene_1
     00000011  ___bank_scene_10                   scene_10
     00000011  ___bank_scene_10_projectiles       scene_10_projectiles
     00000011  ___bank_scene_10_sprites           scene_10_sprites
     00000011  ___bank_scene_12                   scene_12
     00000011  ___bank_scene_12_projectiles       scene_12_projectiles
     00000011  ___bank_scene_12_sprites           scene_12_sprites
     00000011  ___bank_scene_12_triggers          scene_12_triggers
     00000011  ___bank_scene_13                   scene_13
     00000011  ___bank_scene_13_projectiles       scene_13_projectiles
     00000011  ___bank_scene_13_sprites           scene_13_sprites
ASxxxx Linker V03.00/V05.40 + sdld,  page 16.
Hexadecimal  [32-Bits]

Area                                    Addr        Size        Decimal Bytes (Attributes)
--------------------------------        ----        ----        ------- ----- ------------
.  .ABS.                            00000000    00000000 =           0. bytes (ABS,CON)

      Value  Global                              Global Defined In Module
      -----  --------------------------------   ------------------------
     00000011  ___bank_scene_13_triggers          scene_13_triggers
     00000011  ___bank_scene_14                   scene_14
     00000011  ___bank_scene_14_actors            scene_14_actors
     00000011  ___bank_scene_14_projectiles       scene_14_projectiles
     00000011  ___bank_scene_14_sprites           scene_14_sprites
     00000011  ___bank_scene_15                   scene_15
     00000011  ___bank_scene_15_projectiles       scene_15_projectiles
     00000011  ___bank_scene_15_sprites           scene_15_sprites
     00000011  ___bank_scene_15_triggers          scene_15_triggers
     00000011  ___bank_scene_16                   scene_16
     00000011  ___bank_scene_16_sprites           scene_16_sprites
     00000011  ___bank_scene_17                   scene_17
     00000011  ___bank_scene_17_projectiles       scene_17_projectiles
     00000011  ___bank_scene_17_sprites           scene_17_sprites
     00000011  ___bank_scene_18                   scene_18
     00000011  ___bank_scene_18_projectiles       scene_18_projectiles
     00000011  ___bank_scene_18_sprites           scene_18_sprites
     00000011  ___bank_scene_18_triggers          scene_18_triggers
     00000011  ___bank_scene_1_sprites            scene_1_sprites
     00000011  ___bank_scene_1_triggers           scene_1_triggers
     00000011  ___bank_scene_2                    scene_2
     00000011  ___bank_scene_2_sprites            scene_2_sprites
     00000011  ___bank_scene_3                    scene_3
     00000011  ___bank_scene_3_sprites            scene_3_sprites
     00000011  ___bank_scene_3_triggers           scene_3_triggers
     00000011  ___bank_scene_5                    scene_5
     00000011  ___bank_scene_5_sprites            scene_5_sprites
     00000011  ___bank_scene_5_triggers           scene_5_triggers
     00000011  ___bank_scene_6                    scene_6
     00000011  ___bank_scene_6_projectiles        scene_6_projectiles
     00000011  ___bank_scene_6_triggers           scene_6_triggers
     00000011  ___bank_scene_7                    scene_7
     00000011  ___bank_scene_7_actors             scene_7_actors
     00000011  ___bank_scene_8                    scene_8
     00000011  ___bank_scene_8_projectiles        scene_8_projectiles
     00000011  ___bank_scene_8_sprites            scene_8_sprites
     00000011  ___bank_scene_9                    scene_9
     00000011  ___bank_scene_9_projectiles        scene_9_projectiles
     00000011  ___bank_scene_9_sprites            scene_9_sprites
     00000011  ___bank_scene_9_triggers           scene_9_triggers
     00000011  ___bank_script_1                   script_1
     00000011  ___bank_script_3                   script_3
     00000011  ___bank_script_7                   script_7
     00000011  ___bank_script_8                   script_8
     00000011  ___bank_script_input               script_input
     00000011  ___bank_sprite_actor               sprite_actor
     00000011  ___bank_sprite_actor_tileset       sprite_actor_tileset
     00000011  ___bank_sprite_dotty_dbullet       sprite_dotty_dbullet
     00000011  ___bank_sprite_dotty_dbullet_til   sprite_dotty_dbullet_tileset
     00000011  ___bank_sprite_enemies_enemypoof   sprite_enemies_enemypoof_ban
     00000011  ___bank_sprite_enemies_enemypoof   sprite_enemies_enemypoof_til
ASxxxx Linker V03.00/V05.40 + sdld,  page 17.
Hexadecimal  [32-Bits]

Area                                    Addr        Size        Decimal Bytes (Attributes)
--------------------------------        ----        ----        ------- ----- ------------
.  .ABS.                            00000000    00000000 =           0. bytes (ABS,CON)

      Value  Global                              Global Defined In Module
      -----  --------------------------------   ------------------------
     00000011  ___bank_sprite_enemies_pea         sprite_enemies_pea
     00000011  ___bank_sprite_enemies_pea_tiles   sprite_enemies_pea_tileset
     00000011  ___bank_sprite_enemies_springshr   sprite_enemies_springshroom_
     00000011  ___bank_sprite_enemies_springshr   sprite_enemies_springshroom_
     00000011  ___bank_sprite_ex_bank2_tileset    sprite_ex_bank2_tileset
     00000011  ___bank_sprite_ex_tileset          sprite_ex_tileset
     00000011  ___bank_sprite_gimmicks_dottyblo   sprite_gimmicks_dottyblock_b
     00000011  ___bank_sprite_gimmicks_eyeblock   sprite_gimmicks_eyeblock_ban
     00000011  ___bank_sprite_gimmicks_eyeblock   sprite_gimmicks_eyeblock_til
     00000011  ___bank_sprite_hud_bossmeterbar_   sprite_hud_bossmeterbar_bank
     00000011  ___bank_sprite_hud_coincount       sprite_hud_coincount
     00000011  ___bank_sprite_hud_coincount_til   sprite_hud_coincount_tileset
     00000011  ___bank_sprite_hud_dottybar_bank   sprite_hud_dottybar_bank2_ti
     00000011  ___bank_sprite_hud_dottybar_tile   sprite_hud_dottybar_tileset
     00000011  ___bank_sprite_items_heartpickup   sprite_items_heartpickup
     00000011  ___bank_sprite_items_heartpickup   sprite_items_heartpickup_ban
     00000011  ___bank_sprite_items_heartpickup   sprite_items_heartpickup_til
     00000011  ___bank_sprite_lego                sprite_lego
     00000011  ___bank_sprite_static              sprite_static
     00000011  ___bank_sprite_static_copy         sprite_static_copy
     00000011  ___bank_spritesheet_none           spritesheet_none
     00000011  ___bank_test_symbol15              test_symbol15
     00000011  ___bank_test_symbol15_0            test_symbol15_0
     00000011  ___bank_test_symbol15_1            test_symbol15_1
     00000011  ___bank_test_symbol15_17           test_symbol15_17
     00000011  ___bank_test_symbol17              test_symbol17
     00000011  ___bank_test_symbol2               test_symbol2
     00000011  ___bank_test_symbol3               test_symbol3
     00000011  ___bank_trigger_10_interact        trigger_10_interact
     00000011  ___bank_trigger_14_interact        trigger_14_interact
     00000011  ___bank_trigger_15_interact        trigger_15_interact
     00000011  ___bank_trigger_16_interact        trigger_16_interact
     00000011  ___bank_trigger_17_interact        trigger_17_interact
     00000011  ___bank_trigger_1_interact         trigger_1_interact
     00000011  ___bank_trigger_21_interact        trigger_21_interact
     00000011  ___bank_trigger_2_interact         trigger_2_interact
     00000011  ___bank_trigger_34_interact        trigger_34_interact
     00000011  ___bank_trigger_35_interact        trigger_35_interact
     00000011  ___bank_trigger_3_interact         trigger_3_interact
     00000011  ___bank_trigger_4_interact         trigger_4_interact
     00000011  b_SIO_init                         sio
     00000011  b_camera_init                      camera
     00000011  b_input_init                       input
     00000011  b_logo_init                        logo
     00000011  b_logo_update                      logo
     00000011  b_parallax_init                    parallax
     00000011  b_scroll_rect                      
     00000019  l__INITIALIZED                  
     00000019  l__INITIALIZER                  
     0000001C  __start_save                    
     00000027  l__GSINIT                       
ASxxxx Linker V03.00/V05.40 + sdld,  page 18.
Hexadecimal  [32-Bits]

Area                                    Addr        Size        Decimal Bytes (Attributes)
--------------------------------        ----        ----        ------- ----- ------------
.  .ABS.                            00000000    00000000 =           0. bytes (ABS,CON)

      Value  Global                              Global Defined In Module
      -----  --------------------------------   ------------------------
     00000030  l__HEADER7                      
     00000060  l__HEADER4                      
     000000AB  l__HEADER11                     
     000001CB  l__CRASH_SCRATCH2               
     00000200  s__CODE                         
     00000EC2  l__CODE                         
     000010C2  s__HOME                         
     00001883  l__CODE_17                      
     00001AAA  l__DATA                         
     00002000  _rROMB0                            
     00002D67  l__HOME                         
     00003000  _rROMB1                            
     00003E29  s__BASE                         
     00003E29  s__CODE_0                       
     00003E29  s__INITIALIZER                  
     00003E29  s__LIT                          
     00003E42  s__GSINIT                       
     00003E69  s__GSFINAL                      
     00003FFC  l__CODE_6                       
     00003FFD  l__CODE_12                      
     00003FFD  l__CODE_8                       
     00003FFE  l__CODE_13                      
     00003FFE  l__CODE_3                       
     00003FFF  l__CODE_1                       
     00003FFF  l__CODE_14                      
     00003FFF  l__CODE_2                       
     00003FFF  l__CODE_7                       
     00004000  _RTC_SELECT_REG                    vm_rtc
     00004000  _rRAMB                             
     00004000  l__CODE_10                      
     00004000  l__CODE_11                      
     00004000  l__CODE_15                      
     00004000  l__CODE_16                      
     00004000  l__CODE_4                       
     00004000  l__CODE_5                       
     00004000  l__CODE_9                       
     00006000  _RTC_LATCH_REG                     vm_rtc
     00008000  __VRAM                             
     00008000  __VRAM8000                         
     00008800  __VRAM8800                         
     00009000  __VRAM9000                         
     00009800  __SCRN0                            
     00009C00  __SCRN1                            
     0000A000  _RTC_VALUE_REG                     vm_rtc
     0000A000  __SRAM                             
     0000C000  __RAM                              
     0000C000  _shadow_OAM                     
     0000C0A0  s__DATA                         
     0000D000  __RAMBANK                          
     0000DB4A  s__BSS                          
     0000DB4A  s__INITIALIZED                  
ASxxxx Linker V03.00/V05.40 + sdld,  page 19.
Hexadecimal  [32-Bits]

Area                                    Addr        Size        Decimal Bytes (Attributes)
--------------------------------        ----        ----        ------- ----- ------------
.  .ABS.                            00000000    00000000 =           0. bytes (ABS,CON)

      Value  Global                              Global Defined In Module
      -----  --------------------------------   ------------------------
     0000DB63  s__HEAP                         
     0000DB63  s__HEAP_END                     
     0000DF00  .STACK                          
     0000DF00  _shadow_OAM2                       absolute
     0000DFA0  _BkgPalette                        absolute
     0000DFE0  _vwf_tile_data                     absolute
     0000FE00  __OAMRAM                           
     0000FF00  _P1_REG                            
     0000FF00  __IO                               
     0000FF01  _SB_REG                            
     0000FF02  _SC_REG                            
     0000FF04  _DIV_REG                           
     0000FF05  _TIMA_REG                          
     0000FF06  _TMA_REG                           
     0000FF07  _TAC_REG                           
     0000FF0F  _IF_REG                            
     0000FF10  _NR10_REG                          
     0000FF11  _NR11_REG                          
     0000FF12  _NR12_REG                          
     0000FF13  _NR13_REG                          
     0000FF14  _NR14_REG                          
     0000FF16  _NR21_REG                          
     0000FF17  _NR22_REG                          
     0000FF18  _NR23_REG                          
     0000FF19  _NR24_REG                          
     0000FF1A  _NR30_REG                          
     0000FF1B  _NR31_REG                          
     0000FF1C  _NR32_REG                          
     0000FF1D  _NR33_REG                          
     0000FF1E  _NR34_REG                          
     0000FF20  _NR41_REG                          
     0000FF21  _NR42_REG                          
     0000FF22  _NR43_REG                          
     0000FF23  _NR44_REG                          
     0000FF24  _NR50_REG                          
     0000FF25  _NR51_REG                          
     0000FF26  _NR52_REG                          
     0000FF30  _AUD3WAVE                          
     0000FF30  _PCM_SAMPLE                        
     0000FF30  __AUD3WAVERAM                      
     0000FF40  _LCDC_REG                          
     0000FF41  _STAT_REG                          
     0000FF42  _SCY_REG                           
     0000FF43  _SCX_REG                           
     0000FF44  _LY_REG                            
     0000FF45  _LYC_REG                           
     0000FF46  _DMA_REG                           
     0000FF47  _BGP_REG                           
     0000FF48  _OBP0_REG                          
     0000FF49  _OBP1_REG                          
     0000FF4A  _WY_REG                            
ASxxxx Linker V03.00/V05.40 + sdld,  page 20.
Hexadecimal  [32-Bits]

Area                                    Addr        Size        Decimal Bytes (Attributes)
--------------------------------        ----        ----        ------- ----- ------------
.  .ABS.                            00000000    00000000 =           0. bytes (ABS,CON)

      Value  Global                              Global Defined In Module
      -----  --------------------------------   ------------------------
     0000FF4B  _WX_REG                            
     0000FF4D  _KEY1_REG                          
     0000FF4F  _VBK_REG                           
     0000FF51  _HDMA1_REG                         
     0000FF52  _HDMA2_REG                         
     0000FF53  _HDMA3_REG                         
     0000FF54  _HDMA4_REG                         
     0000FF55  _HDMA5_REG                         
     0000FF56  _RP_REG                            
     0000FF68  _BCPS_REG                          
     0000FF69  _BCPD_REG                          
     0000FF6A  _OCPS_REG                          
     0000FF6B  _OCPD_REG                          
     0000FF70  _SVBK_REG                          
     0000FF76  _PCM12_REG                         
     0000FF77  _PCM34_REG                         
     0000FF80  .refresh_OAM                    
     0000FF80  __HRAM                             
     0000FFFF  _IE_REG                            
     00014000  s__CODE_1                       
     00024000  s__CODE_2                       
     00034000  s__CODE_3                       
     00044000  s__CODE_4                       
     00054000  s__CODE_5                       
     00064000  s__CODE_6                       
     00074000  s__CODE_7                       
     00084000  s__CODE_8                       
     00094000  s__CODE_9                       
     000A4000  s__CODE_10                      
     000B4000  s__CODE_11                      
     000C4000  s__CODE_12                      
     000D4000  s__CODE_13                      
     000E4000  s__CODE_14                      
     000F4000  s__CODE_15                      
     00104000  s__CODE_16                      
     00114000  s__CODE_17                      

ASxxxx Linker V03.00/V05.40 + sdld,  page 21.
Hexadecimal  [32-Bits]

Area                                    Addr        Size        Decimal Bytes (Attributes)
--------------------------------        ----        ----        ------- ----- ------------
_CODE                               00000200    00000EC2 =        3778. bytes (REL,CON)

      Value  Global                              Global Defined In Module
      -----  --------------------------------   ------------------------
     00000200  ___HandleCrash                     
     0000020A  _SIO_send_byte                     
     0000021D  _SIO_receive                       
     0000022E  _GetWinAddr                        
     00000236  _GetBkgAddr                        
     00000244  _state_init                        
     00000249  _state_update                      
     0000026B  _ui_time_masks                     
     00000273  _ui_print_shift_char               
     000002F6  _ui_draw_frame_row                 
     000002FF  .ui_draw_frame_row                 
     00000328  _script_cmds                       vm_instructions
     00000560  _save_signature                    game_signature
     00000564  _start_scene_x                     
     00000566  _start_scene_y                     
     00000568  _start_scene_dir                   
     00000569  _start_scene                       
     0000056C  _start_player_move_speed           
     0000056D  _start_player_anim_tick            
     0000056E  _ui_fonts                          
     00000574  _core_reset_hook                   main
     0000057C  _main                              main
     00000584  _state_start_fns                   
     0000058D  _state_update_fns                  
     00000596  _set_sprite_palette                CGB
     0000059B  _set_bkg_palette                   CGB
     0000059E  .set_palette                       CGB
     000005BD  _set_sprite_palette_entry          CGB
     000005C2  _set_bkg_palette_entry             CGB
     000005C5  .set_palette_entry                 CGB
     000005E1  _hUGE_init                         hUGEDriver_obj
     000005E3  hUGE_init                          hUGEDriver_obj
     00000639  _hUGE_mute_channel                 hUGEDriver_obj
     0000063B  hUGE_mute_channel                  hUGEDriver_obj
     00000889  _hUGE_set_position                 hUGEDriver_obj
     0000088B  hUGE_set_position                  hUGEDriver_obj
     00000A50  _hUGE_dosound                      hUGEDriver_obj
     00000A50  hUGE_dosound                       hUGEDriver_obj
     00000D7C  _get_vram_byte                     
     00000D84  _get_win_tile_xy                   
     00000D8C  _get_bkg_tile_xy                   
     00000DB3  _hide_sprites_range                Metasprites
     00000DE2  __mulsuchar                        mul
     00000DE5  __muluschar                        mul
     00000DEE  __mulschar                         mul
     00000DF6  __mulint                           mul
     00000E15  __muluchar                         mul
     00000E27  _set_vram_byte                     
     00000E30  _set_win_tile_xy                   
     00000E39  _set_bkg_tile_xy                   
ASxxxx Linker V03.00/V05.40 + sdld,  page 22.
Hexadecimal  [32-Bits]

Area                                    Addr        Size        Decimal Bytes (Attributes)
--------------------------------        ----        ----        ------- ----- ------------
_CODE                               00000200    00000EC2 =        3778. bytes (REL,CON)

      Value  Global                              Global Defined In Module
      -----  --------------------------------   ------------------------
     00000E68  __divsuchar                        divmod
     00000E6E  __modsuchar                        divmod
     00000E77  __divuschar                        divmod
     00000E80  __moduschar                        divmod
     00000E8C  __divschar                         divmod
     00000E91  __modschar                         divmod
     00000E98  __divsint                          divmod
     00000EA1  __modsint                          divmod
     00000EAD  __divuchar                         divmod
     00000EB2  __moduchar                         divmod
     00000EB9  __divuint                          divmod
     00000EC2  __moduint                          divmod
     00000ECE  .div8                              divmod
     00000ECE  .mod8                              divmod
     00000ED6  .div16                             divmod
     00000ED6  .mod16                             divmod
     00000F0C  .divu8                             divmod
     00000F0C  .modu8                             divmod
     00000F0F  .divu16                            divmod
     00000F0F  .modu16                            divmod
     00000F4F  .sgb_check                         
     00000F4F  _sgb_check                         
     00000F97  _sgb_transfer                      
     00000F9C  .sgb_transfer                      
     00000FDD  .copy_vram                         
     00000FE3  _get_data                          
     00000FE3  _set_data                          
     00000FE3  _vmemcpy                           
     00001031  ___move_metasprite                 Metasprites
     0000106E  ___memcpy                          
     0000106E  _memcpy                            
     000010A0  _cpu_slow                          CGB
     000010BB  _cpu_fast                          CGB

ASxxxx Linker V03.00/V05.40 + sdld,  page 23.
Hexadecimal  [32-Bits]

Area                                    Addr        Size        Decimal Bytes (Attributes)
--------------------------------        ----        ----        ------- ----- ------------
_HEADER0                            00000000    00000001 =           1. bytes (ABS,CON)

      Value  Global                              Global Defined In Module
      -----  --------------------------------   ------------------------
     00000020  .call_hl                           Runtime

ASxxxx Linker V03.00/V05.40 + sdld,  page 24.
Hexadecimal  [32-Bits]

Area                                    Addr        Size        Decimal Bytes (Attributes)
--------------------------------        ----        ----        ------- ----- ------------
_HEADER1                            00000000    00000005 =           5. bytes (ABS,CON)

      Value  Global                              Global Defined In Module
      -----  --------------------------------   ------------------------
     00000028  .MemsetSmall                       Runtime

ASxxxx Linker V03.00/V05.40 + sdld,  page 25.
Hexadecimal  [32-Bits]

Area                                    Addr        Size        Decimal Bytes (Attributes)
--------------------------------        ----        ----        ------- ----- ------------
_HEADER2                            00000000    00000007 =           7. bytes (ABS,CON)

      Value  Global                              Global Defined In Module
      -----  --------------------------------   ------------------------
     00000030  .MemcpySmall                       Runtime

ASxxxx Linker V03.00/V05.40 + sdld,  page 26.
Hexadecimal  [32-Bits]

Area                                    Addr        Size        Decimal Bytes (Attributes)
--------------------------------        ----        ----        ------- ----- ------------
_HEADER3                            00000000    00000008 =           8. bytes (ABS,CON)

      Value  Global                              Global Defined In Module
      -----  --------------------------------   ------------------------
ASxxxx Linker V03.00/V05.40 + sdld,  page 27.
Hexadecimal  [32-Bits]

Area                                    Addr        Size        Decimal Bytes (Attributes)
[...]
                                          [ sprite_dotty_dbullet ]
/var/folders/nx/jstmcts92tnc66kpbzskwb0w0000gp/T/_gbsbuild/obj/sprite_dotty_gbdotty_bank2_tileset.rel
                                          [ sprite_dotty_gbdotty_bank2_tiles ]
/var/folders/nx/jstmcts92tnc66kpbzskwb0w0000gp/T/_gbsbuild/obj/sprite_dotty_gbdotty_tileset.rel
                                          [ sprite_dotty_gbdotty_tileset ]
/var/folders/nx/jstmcts92tnc66kpbzskwb0w0000gp/T/_gbsbuild/obj/sprite_dotty_gbdotty.rel
                                          [ sprite_dotty_gbdotty ]
/var/folders/nx/jstmcts92tnc66kpbzskwb0w0000gp/T/_gbsbuild/obj/sprite_enemies_bigsprungus_bank2_tileset.rel
                                          [ sprite_enemies_bigsprungus_bank2 ]
/var/folders/nx/jstmcts92tnc66kpbzskwb0w0000gp/T/_gbsbuild/obj/sprite_enemies_bigsprungus_tileset.rel
                                          [ sprite_enemies_bigsprungus_tiles ]
/var/folders/nx/jstmcts92tnc66kpbzskwb0w0000gp/T/_gbsbuild/obj/sprite_enemies_bigsprungus.rel
                                          [ sprite_enemies_bigsprungus ]
/var/folders/nx/jstmcts92tnc66kpbzskwb0w0000gp/T/_gbsbuild/obj/sprite_enemies_bigthorn_bank2_tileset.rel
                                          [ sprite_enemies_bigthorn_bank2_ti ]
/var/folders/nx/jstmcts92tnc66kpbzskwb0w0000gp/T/_gbsbuild/obj/sprite_enemies_bigthorn_tileset.rel
                                          [ sprite_enemies_bigthorn_tileset ]
/var/folders/nx/jstmcts92tnc66kpbzskwb0w0000gp/T/_gbsbuild/obj/sprite_enemies_bigthorn.rel
                                          [ sprite_enemies_bigthorn ]
/var/folders/nx/jstmcts92tnc66kpbzskwb0w0000gp/T/_gbsbuild/obj/sprite_enemies_enemypoof_bank2_tileset.rel
                                          [ sprite_enemies_enemypoof_bank2_t ]
/var/folders/nx/jstmcts92tnc66kpbzskwb0w0000gp/T/_gbsbuild/obj/sprite_enemies_enemypoof_tileset.rel
                                          [ sprite_enemies_enemypoof_tileset ]
/var/folders/nx/jstmcts92tnc66kpbzskwb0w0000gp/T/_gbsbuild/obj/sprite_enemies_enemypoof.rel
                                          [ sprite_enemies_enemypoof ]
/var/folders/nx/jstmcts92tnc66kpbzskwb0w0000gp/T/_gbsbuild/obj/sprite_enemies_pea_tileset.rel
                                          [ sprite_enemies_pea_tileset ]
/var/folders/nx/jstmcts92tnc66kpbzskwb0w0000gp/T/_gbsbuild/obj/sprite_enemies_pea.rel
                                          [ sprite_enemies_pea ]
/var/folders/nx/jstmcts92tnc66kpbzskwb0w0000gp/T/_gbsbuild/obj/sprite_enemies_springshroom_bank2_tileset.rel
                                          [ sprite_enemies_springshroom_bank ]
/var/folders/nx/jstmcts92tnc66kpbzskwb0w0000gp/T/_gbsbuild/obj/sprite_enemies_springshroom_tileset.rel
                                          [ sprite_enemies_springshroom_tile ]
/var/folders/nx/jstmcts92tnc66kpbzskwb0w0000gp/T/_gbsbuild/obj/sprite_enemies_springshroom.rel
                                          [ sprite_enemies_springshroom ]
/var/folders/nx/jstmcts92tnc66kpbzskwb0w0000gp/T/_gbsbuild/obj/sprite_enemies_sprungusshoo_bank2_tileset.rel
                                          [ sprite_enemies_sprungusshoo_bank ]
/var/folders/nx/jstmcts92tnc66kpbzskwb0w0000gp/T/_gbsbuild/obj/sprite_enemies_sprungusshoo_tileset.rel
                                          [ sprite_enemies_sprungusshoo_tile ]
/var/folders/nx/jstmcts92tnc66kpbzskwb0w0000gp/T/_gbsbuild/obj/sprite_enemies_sprungusshoo.rel
                                          [ sprite_enemies_sprungusshoo ]
/var/folders/nx/jstmcts92tnc66kpbzskwb0w0000gp/T/_gbsbuild/obj/sprite_ex_bank2_tileset.rel
                                          [ sprite_ex_bank2_tileset ]
/var/folders/nx/jstmcts92tnc66kpbzskwb0w0000gp/T/_gbsbuild/obj/sprite_ex_tileset.rel
                                          [ sprite_ex_tileset ]
/var/folders/nx/jstmcts92tnc66kpbzskwb0w0000gp/T/_gbsbuild/obj/sprite_ex.rel
                                          [ sprite_ex ]
/var/folders/nx/jstmcts92tnc66kpbzskwb0w0000gp/T/_gbsbuild/obj/sprite_gimmicks_dottyblock_bank2_tileset.rel
                                          [ sprite_gimmicks_dottyblock_bank2 ]
/var/folders/nx/jstmcts92tnc66kpbzskwb0w0000gp/T/_gbsbuild/obj/sprite_gimmicks_dottyblock_tileset.rel
                                          [ sprite_gimmicks_dottyblock_tiles ]
/var/folders/nx/jstmcts92tnc66kpbzskwb0w0000gp/T/_gbsbuild/obj/sprite_gimmicks_dottyblock.rel
                                          [ sprite_gimmicks_dottyblock ]
/var/folders/nx/jstmcts92tnc66kpbzskwb0w0000gp/T/_gbsbuild/obj/sprite_gimmicks_eyeblock_bank2_tileset.rel
                                          [ sprite_gimmicks_eyeblock_bank2_t ]
/var/folders/nx/jstmcts92tnc66kpbzskwb0w0000gp/T/_gbsbuild/obj/sprite_gimmicks_eyeblock_tileset.rel
                                          [ sprite_gimmicks_eyeblock_tileset ]
/var/folders/nx/jstmcts92tnc66kpbzskwb0w0000gp/T/_gbsbuild/obj/sprite_gimmicks_eyeblock.rel
                                          [ sprite_gimmicks_eyeblock ]
/var/folders/nx/jstmcts92tnc66kpbzskwb0w0000gp/T/_gbsbuild/obj/sprite_hud_bossmeterbar_bank2_tileset.rel
                                          [ sprite_hud_bossmeterbar_bank2_ti ]
/var/folders/nx/jstmcts92tnc66kpbzskwb0w0000gp/T/_gbsbuild/obj/sprite_hud_bossmeterbar_tileset.rel
                                          [ sprite_hud_bossmeterbar_tileset ]
/var/folders/nx/jstmcts92tnc66kpbzskwb0w0000gp/T/_gbsbuild/obj/sprite_hud_bossmeterbar.rel
                                          [ sprite_hud_bossmeterbar ]
/var/folders/nx/jstmcts92tnc66kpbzskwb0w0000gp/T/_gbsbuild/obj/sprite_hud_coincount_tileset.rel
                                          [ sprite_hud_coincount_tileset ]
/var/folders/nx/jstmcts92tnc66kpbzskwb0w0000gp/T/_gbsbuild/obj/sprite_hud_coincount.rel
                                          [ sprite_hud_coincount ]
/var/folders/nx/jstmcts92tnc66kpbzskwb0w0000gp/T/_gbsbuild/obj/sprite_hud_dottybar_bank2_tileset.rel
                                          [ sprite_hud_dottybar_bank2_tilese ]
/var/folders/nx/jstmcts92tnc66kpbzskwb0w0000gp/T/_gbsbuild/obj/sprite_hud_dottybar_tileset.rel
                                          [ sprite_hud_dottybar_tileset ]
/var/folders/nx/jstmcts92tnc66kpbzskwb0w0000gp/T/_gbsbuild/obj/sprite_hud_dottybar.rel
                                          [ sprite_hud_dottybar ]
/var/folders/nx/jstmcts92tnc66kpbzskwb0w0000gp/T/_gbsbuild/obj/sprite_hud_warning_bank2_tileset.rel
                                          [ sprite_hud_warning_bank2_tileset ]
/var/folders/nx/jstmcts92tnc66kpbzskwb0w0000gp/T/_gbsbuild/obj/sprite_hud_warning_tileset.rel
                                          [ sprite_hud_warning_tileset ]
/var/folders/nx/jstmcts92tnc66kpbzskwb0w0000gp/T/_gbsbuild/obj/sprite_hud_warning.rel
                                          [ sprite_hud_warning ]
/var/folders/nx/jstmcts92tnc66kpbzskwb0w0000gp/T/_gbsbuild/obj/sprite_items_dottycoin_bank2_tileset.rel
                                          [ sprite_items_dottycoin_bank2_til ]
/var/folders/nx/jstmcts92tnc66kpbzskwb0w0000gp/T/_gbsbuild/obj/sprite_items_dottycoin_tileset.rel
                                          [ sprite_items_dottycoin_tileset ]
/var/folders/nx/jstmcts92tnc66kpbzskwb0w0000gp/T/_gbsbuild/obj/sprite_items_dottycoin.rel
                                          [ sprite_items_dottycoin ]
/var/folders/nx/jstmcts92tnc66kpbzskwb0w0000gp/T/_gbsbuild/obj/sprite_items_heartpickup_bank2_tileset.rel
                                          [ sprite_items_heartpickup_bank2_t ]
/var/folders/nx/jstmcts92tnc66kpbzskwb0w0000gp/T/_gbsbuild/obj/sprite_items_heartpickup_tileset.rel
                                          [ sprite_items_heartpickup_tileset ]
/var/folders/nx/jstmcts92tnc66kpbzskwb0w0000gp/T/_gbsbuild/obj/sprite_items_heartpickup.rel
                                          [ sprite_items_heartpickup ]
/var/folders/nx/jstmcts92tnc66kpbzskwb0w0000gp/T/_gbsbuild/obj/sprite_lego_bank2_tileset.rel
                                          [ sprite_lego_bank2_tileset ]
/var/folders/nx/jstmcts92tnc66kpbzskwb0w0000gp/T/_gbsbuild/obj/sprite_lego_tileset.rel
                                          [ sprite_lego_tileset ]
/var/folders/nx/jstmcts92tnc66kpbzskwb0w0000gp/T/_gbsbuild/obj/sprite_lego.rel
                                          [ sprite_lego ]
/var/folders/nx/jstmcts92tnc66kpbzskwb0w0000gp/T/_gbsbuild/obj/sprite_other_livecount_bank2_tileset.rel
                                          [ sprite_other_livecount_bank2_til ]
/var/folders/nx/jstmcts92tnc66kpbzskwb0w0000gp/T/_gbsbuild/obj/sprite_other_livecount_tileset.rel
                                          [ sprite_other_livecount_tileset ]
/var/folders/nx/jstmcts92tnc66kpbzskwb0w0000gp/T/_gbsbuild/obj/sprite_other_livecount.rel
                                          [ sprite_other_livecount ]
/var/folders/nx/jstmcts92tnc66kpbzskwb0w0000gp/T/_gbsbuild/obj/sprite_static_copy.rel
                                          [ sprite_static_copy ]
/var/folders/nx/jstmcts92tnc66kpbzskwb0w0000gp/T/_gbsbuild/obj/sprite_static.rel
                                          [ sprite_static ]
/var/folders/nx/jstmcts92tnc66kpbzskwb0w0000gp/T/_gbsbuild/obj/spritesheet_none.rel
                                          [ spritesheet_none ]
/var/folders/nx/jstmcts92tnc66kpbzskwb0w0000gp/T/_gbsbuild/obj/test_symbol1.rel
                                          [ test_symbol1 ]
/var/folders/nx/jstmcts92tnc66kpbzskwb0w0000gp/T/_gbsbuild/obj/test_symbol15_0.rel
                                          [ test_symbol15_0 ]
/var/folders/nx/jstmcts92tnc66kpbzskwb0w0000gp/T/_gbsbuild/obj/test_symbol15_1.rel
                                          [ test_symbol15_1 ]
/var/folders/nx/jstmcts92tnc66kpbzskwb0w0000gp/T/_gbsbuild/obj/test_symbol15_17.rel
                                          [ test_symbol15_17 ]
/var/folders/nx/jstmcts92tnc66kpbzskwb0w0000gp/T/_gbsbuild/obj/test_symbol15.rel
                                          [ test_symbol15 ]
/var/folders/nx/jstmcts92tnc66kpbzskwb0w0000gp/T/_gbsbuild/obj/test_symbol17.rel
                                          [ test_symbol17 ]
/var/folders/nx/jstmcts92tnc66kpbzskwb0w0000gp/T/_gbsbuild/obj/test_symbol2.rel
                                          [ test_symbol2 ]
/var/folders/nx/jstmcts92tnc66kpbzskwb0w0000gp/T/_gbsbuild/obj/test_symbol3_0.rel
                                          [ test_symbol3_0 ]
/var/folders/nx/jstmcts92tnc66kpbzskwb0w0000gp/T/_gbsbuild/obj/test_symbol3.rel
                                          [ test_symbol3 ]
/var/folders/nx/jstmcts92tnc66kpbzskwb0w0000gp/T/_gbsbuild/obj/test_symbol5.rel
                                          [ test_symbol5 ]
/var/folders/nx/jstmcts92tnc66kpbzskwb0w0000gp/T/_gbsbuild/obj/test_symbol6.rel
                                          [ test_symbol6 ]
/var/folders/nx/jstmcts92tnc66kpbzskwb0w0000gp/T/_gbsbuild/obj/tileset_default_frame.rel
                                          [ tileset_default_frame ]
/var/folders/nx/jstmcts92tnc66kpbzskwb0w0000gp/T/_gbsbuild/obj/trigger_0_interact.rel
                                          [ trigger_0_interact ]
/var/folders/nx/jstmcts92tnc66kpbzskwb0w0000gp/T/_gbsbuild/obj/trigger_1_interact.rel
                                          [ trigger_1_interact ]
/var/folders/nx/jstmcts92tnc66kpbzskwb0w0000gp/T/_gbsbuild/obj/trigger_10_interact.rel
                                          [ trigger_10_interact ]
/var/folders/nx/jstmcts92tnc66kpbzskwb0w0000gp/T/_gbsbuild/obj/trigger_11_interact.rel
                                          [ trigger_11_interact ]
/var/folders/nx/jstmcts92tnc66kpbzskwb0w0000gp/T/_gbsbuild/obj/trigger_12_interact.rel
                                          [ trigger_12_interact ]
/var/folders/nx/jstmcts92tnc66kpbzskwb0w0000gp/T/_gbsbuild/obj/trigger_13_interact.rel
                                          [ trigger_13_interact ]
/var/folders/nx/jstmcts92tnc66kpbzskwb0w0000gp/T/_gbsbuild/obj/trigger_14_interact.rel
                                          [ trigger_14_interact ]
/var/folders/nx/jstmcts92tnc66kpbzskwb0w0000gp/T/_gbsbuild/obj/trigger_15_interact.rel
                                          [ trigger_15_interact ]
/var/folders/nx/jstmcts92tnc66kpbzskwb0w0000gp/T/_gbsbuild/obj/trigger_16_interact.rel
                                          [ trigger_16_interact ]
/var/folders/nx/jstmcts92tnc66kpbzskwb0w0000gp/T/_gbsbuild/obj/trigger_17_interact.rel
                                          [ trigger_17_interact ]
/var/folders/nx/jstmcts92tnc66kpbzskwb0w0000gp/T/_gbsbuild/obj/trigger_18_interact.rel
                                          [ trigger_18_interact ]
/var/folders/nx/jstmcts92tnc66kpbzskwb0w0000gp/T/_gbsbuild/obj/trigger_19_interact.rel
                                          [ trigger_19_interact ]
/var/folders/nx/jstmcts92tnc66kpbzskwb0w0000gp/T/_gbsbuild/obj/trigger_2_interact.rel
                                          [ trigger_2_interact ]
/var/folders/nx/jstmcts92tnc66kpbzskwb0w0000gp/T/_gbsbuild/obj/trigger_20_interact.rel
                                          [ trigger_20_interact ]
/var/folders/nx/jstmcts92tnc66kpbzskwb0w0000gp/T/_gbsbuild/obj/trigger_21_interact.rel
                                          [ trigger_21_interact ]
/var/folders/nx/jstmcts92tnc66kpbzskwb0w0000gp/T/_gbsbuild/obj/trigger_3_interact.rel
                                          [ trigger_3_interact ]
/var/folders/nx/jstmcts92tnc66kpbzskwb0w0000gp/T/_gbsbuild/obj/trigger_34_interact.rel
                                          [ trigger_34_interact ]
/var/folders/nx/jstmcts92tnc66kpbzskwb0w0000gp/T/_gbsbuild/obj/trigger_35_interact.rel
                                          [ trigger_35_interact ]
/var/folders/nx/jstmcts92tnc66kpbzskwb0w0000gp/T/_gbsbuild/obj/trigger_36_interact.rel
                                          [ trigger_36_interact ]
/var/folders/nx/jstmcts92tnc66kpbzskwb0w0000gp/T/_gbsbuild/obj/trigger_4_interact.rel
                                          [ trigger_4_interact ]
/var/folders/nx/jstmcts92tnc66kpbzskwb0w0000gp/T/_gbsbuild/obj/trigger_5_interact.rel
                                          [ trigger_5_interact ]
/var/folders/nx/jstmcts92tnc66kpbzskwb0w0000gp/T/_gbsbuild/obj/trigger_6_interact.rel
                                          [ trigger_6_interact ]
/var/folders/nx/jstmcts92tnc66kpbzskwb0w0000gp/T/_gbsbuild/obj/trigger_7_interact.rel
                                          [ trigger_7_interact ]
/var/folders/nx/jstmcts92tnc66kpbzskwb0w0000gp/T/_gbsbuild/obj/trigger_8_interact.rel
                                          [ trigger_8_interact ]
/var/folders/nx/jstmcts92tnc66kpbzskwb0w0000gp/T/_gbsbuild/obj/trigger_9_interact.rel
                                          [ trigger_9_interact ]
/var/folders/nx/jstmcts92tnc66kpbzskwb0w0000gp/T/_gbsbuild/obj/fade_street.rel
                                          [ fade_street ]
/var/folders/nx/jstmcts92tnc66kpbzskwb0w0000gp/T/_gbsbuild/obj/main.rel
                                          [ main ]
/var/folders/nx/jstmcts92tnc66kpbzskwb0w0000gp/T/_gbsbuild/obj/logo.rel
                                          [ logo ]
/var/folders/nx/jstmcts92tnc66kpbzskwb0w0000gp/T/_gbsbuild/obj/platform.rel
                                          [ platform ]
/var/folders/nx/jstmcts92tnc66kpbzskwb0w0000gp/T/_gbsbuild/obj/pointnclick.rel
                                          [ pointnclick ]
/var/folders/nx/jstmcts92tnc66kpbzskwb0w0000gp/T/_gbsbuild/obj/states_ptrs.rel
                                          [  ]


Libraries Linked                          [ object file ]

/var/folders/nx/jstmcts92tnc66kpbzskwb0w0000gp/T/_gbstools/gbdk/lib/gb/gb.lib
                                          [ cgb_palettes.o ]
/var/folders/nx/jstmcts92tnc66kpbzskwb0w0000gp/T/_gbstools/gbdk/lib/gb/gb.lib
                                          [ fill_rect_wi.o ]
/var/folders/nx/jstmcts92tnc66kpbzskwb0w0000gp/T/_gbstools/gbdk/lib/sm83/sm83.lib
                                          [ rand.o ]
/var/folders/nx/jstmcts92tnc66kpbzskwb0w0000gp/T/_gbstools/gbdk/lib/gb/gb.lib
                                          [ sfr.o ]
lib/hUGEDriver.lib                        [ hUGEDriver.o ]
/var/folders/nx/jstmcts92tnc66kpbzskwb0w0000gp/T/_gbstools/gbdk/lib/gb/gb.lib
                                          [ get_data.o ]
/var/folders/nx/jstmcts92tnc66kpbzskwb0w0000gp/T/_gbstools/gbdk/lib/gb/gb.lib
                                          [ get_tile.o ]
/var/folders/nx/jstmcts92tnc66kpbzskwb0w0000gp/T/_gbstools/gbdk/lib/gb/gb.lib
                                          [ metasprites_hide_spr.o ]
/var/folders/nx/jstmcts92tnc66kpbzskwb0w0000gp/T/_gbstools/gbdk/lib/sm83/sm83.lib
                                          [ mul.o ]
/var/folders/nx/jstmcts92tnc66kpbzskwb0w0000gp/T/_gbstools/gbdk/lib/gb/gb.lib
                                          [ set_tile.o ]
/var/folders/nx/jstmcts92tnc66kpbzskwb0w0000gp/T/_gbstools/gbdk/lib/sm83/sm83.lib
                                          [ div.o ]
/var/folders/nx/jstmcts92tnc66kpbzskwb0w0000gp/T/_gbstools/gbdk/lib/sm83/sm83.lib
                                          [ abs.o ]
/var/folders/nx/jstmcts92tnc66kpbzskwb0w0000gp/T/_gbstools/gbdk/lib/gb/gb.lib
                                          [ set_wi_t.o ]
/var/folders/nx/jstmcts92tnc66kpbzskwb0w0000gp/T/_gbstools/gbdk/lib/gb/gb.lib
                                          [ set_data.o ]
/var/folders/nx/jstmcts92tnc66kpbzskwb0w0000gp/T/_gbstools/gbdk/lib/sm83/sm83.lib
                                          [ reverse.o ]
/var/folders/nx/jstmcts92tnc66kpbzskwb0w0000gp/T/_gbstools/gbdk/lib/gb/gb.lib
                                          [ far_ptr.o ]
/var/folders/nx/jstmcts92tnc66kpbzskwb0w0000gp/T/_gbstools/gbdk/lib/gb/gb.lib
                                          [ sgb.o ]
/var/folders/nx/jstmcts92tnc66kpbzskwb0w0000gp/T/_gbstools/gbdk/lib/gb/gb.lib
                                          [ lcd.o ]
/var/folders/nx/jstmcts92tnc66kpbzskwb0w0000gp/T/_gbstools/gbdk/lib/gb/gb.lib
                                          [ fill_rect.o ]
/var/folders/nx/jstmcts92tnc66kpbzskwb0w0000gp/T/_gbstools/gbdk/lib/gb/gb.lib
                                          [ cpy_data.o ]
/var/folders/nx/jstmcts92tnc66kpbzskwb0w0000gp/T/_gbstools/gbdk/lib/gb/gb.lib
                                          [ fill_rect_bk.o ]
/var/folders/nx/jstmcts92tnc66kpbzskwb0w0000gp/T/_gbstools/gbdk/lib/gb/gb.lib
                                          [ pad.o ]
/var/folders/nx/jstmcts92tnc66kpbzskwb0w0000gp/T/_gbstools/gbdk/lib/gb/gb.lib
                                          [ metasprites.o ]
/var/folders/nx/jstmcts92tnc66kpbzskwb0w0000gp/T/_gbstools/gbdk/lib/sm83/sm83.lib
                                          [ __sdcc_call_hl.o ]
/var/folders/nx/jstmcts92tnc66kpbzskwb0w0000gp/T/_gbstools/gbdk/lib/sm83/sm83.lib
                                          [ memcpy.o ]
/var/folders/nx/jstmcts92tnc66kpbzskwb0w0000gp/T/_gbstools/gbdk/lib/sm83/sm83.lib
                                          [ _memset.o ]
/var/folders/nx/jstmcts92tnc66kpbzskwb0w0000gp/T/_gbstools/gbdk/lib/gb/gb.lib
                                          [ set_xy_t.o ]
/var/folders/nx/jstmcts92tnc66kpbzskwb0w0000gp/T/_gbstools/gbdk/lib/gb/gb.lib
                                          [ ___sdcc_bcall_ehl.o ]
/var/folders/nx/jstmcts92tnc66kpbzskwb0w0000gp/T/_gbstools/gbdk/lib/gb/gb.lib
                                          [ cgb.o ]
/var/folders/nx/jstmcts92tnc66kpbzskwb0w0000gp/T/_gbstools/gbdk/lib/gb/gb.lib
                                          [ set_bk_t.o ]

ASxxxx Linker V03.00/V05.40 + sdld,  page 198.

User Base Address Definitions

_DATA=0xC0A0
_CODE=0x0200
ASxxxx Linker V03.00/V05.40 + sdld,  page 199.

User Global Definitions

.STACK=0xDF00
_shadow_OAM=0xC000
.refresh_OAM=0xFF80
__start_save=28

